src/app/(dashboard)/dashboard/page.tsx(37,54): error TS2322: Type '{ hidden: { opacity: number; y: number; }; visible: (i: number) => { opacity: number; y: number; transition: { delay: number; duration: number; ease: string; }; }; }' is not assignable to type 'Variants'.
  Property 'visible' is incompatible with index signature.
    Type '(i: number) => { opacity: number; y: number; transition: { delay: number; duration: number; ease: string; }; }' is not assignable to type 'Variant'.
      Type '(i: number) => { opacity: number; y: number; transition: { delay: number; duration: number; ease: string; }; }' is not assignable to type 'TargetResolver'.
        Type '{ opacity: number; y: number; transition: { delay: number; duration: number; ease: string; }; }' is not assignable to type 'string | TargetAndTransition'.
          Type '{ opacity: number; y: number; transition: { delay: number; duration: number; ease: string; }; }' is not assignable to type 'TargetAndTransition'.
            Type '{ opacity: number; y: number; transition: { delay: number; duration: number; ease: string; }; }' is not assignable to type '{ transition?: Transition<any> | undefined; transitionEnd?: ResolvedValues$1 | undefined; }'.
              Types of property 'transition' are incompatible.
                Type '{ delay: number; duration: number; ease: string; }' is not assignable to type 'Transition<any> | undefined'.
                  Type '{ delay: number; duration: number; ease: string; }' is not assignable to type 'TransitionWithValueOverrides<any>'.
                    Type '{ delay: number; duration: number; ease: string; }' is not assignable to type 'ValueAnimationTransition<any>'.
                      Types of property 'ease' are incompatible.
                        Type 'string' is not assignable to type 'Easing | Easing[] | undefined'.
src/app/(dashboard)/dashboard/page.tsx(65,56): error TS2322: Type '{ hidden: { opacity: number; y: number; }; visible: (i: number) => { opacity: number; y: number; transition: { delay: number; duration: number; ease: string; }; }; }' is not assignable to type 'Variants'.
  Property 'visible' is incompatible with index signature.
    Type '(i: number) => { opacity: number; y: number; transition: { delay: number; duration: number; ease: string; }; }' is not assignable to type 'Variant'.
      Type '(i: number) => { opacity: number; y: number; transition: { delay: number; duration: number; ease: string; }; }' is not assignable to type 'TargetResolver'.
        Type '{ opacity: number; y: number; transition: { delay: number; duration: number; ease: string; }; }' is not assignable to type 'string | TargetAndTransition'.
          Type '{ opacity: number; y: number; transition: { delay: number; duration: number; ease: string; }; }' is not assignable to type 'TargetAndTransition'.
            Type '{ opacity: number; y: number; transition: { delay: number; duration: number; ease: string; }; }' is not assignable to type '{ transition?: Transition<any> | undefined; transitionEnd?: ResolvedValues$1 | undefined; }'.
              Types of property 'transition' are incompatible.
                Type '{ delay: number; duration: number; ease: string; }' is not assignable to type 'Transition<any> | undefined'.
                  Type '{ delay: number; duration: number; ease: string; }' is not assignable to type 'TransitionWithValueOverrides<any>'.
                    Type '{ delay: number; duration: number; ease: string; }' is not assignable to type 'ValueAnimationTransition<any>'.
                      Types of property 'ease' are incompatible.
                        Type 'string' is not assignable to type 'Easing | Easing[] | undefined'.
src/app/(dashboard)/dashboard/page.tsx(94,75): error TS2322: Type '{ hidden: { opacity: number; y: number; }; visible: (i: number) => { opacity: number; y: number; transition: { delay: number; duration: number; ease: string; }; }; }' is not assignable to type 'Variants'.
  Property 'visible' is incompatible with index signature.
    Type '(i: number) => { opacity: number; y: number; transition: { delay: number; duration: number; ease: string; }; }' is not assignable to type 'Variant'.
      Type '(i: number) => { opacity: number; y: number; transition: { delay: number; duration: number; ease: string; }; }' is not assignable to type 'TargetResolver'.
        Type '{ opacity: number; y: number; transition: { delay: number; duration: number; ease: string; }; }' is not assignable to type 'string | TargetAndTransition'.
          Type '{ opacity: number; y: number; transition: { delay: number; duration: number; ease: string; }; }' is not assignable to type 'TargetAndTransition'.
            Type '{ opacity: number; y: number; transition: { delay: number; duration: number; ease: string; }; }' is not assignable to type '{ transition?: Transition<any> | undefined; transitionEnd?: ResolvedValues$1 | undefined; }'.
              Types of property 'transition' are incompatible.
                Type '{ delay: number; duration: number; ease: string; }' is not assignable to type 'Transition<any> | undefined'.
                  Type '{ delay: number; duration: number; ease: string; }' is not assignable to type 'TransitionWithValueOverrides<any>'.
                    Type '{ delay: number; duration: number; ease: string; }' is not assignable to type 'ValueAnimationTransition<any>'.
                      Types of property 'ease' are incompatible.
                        Type 'string' is not assignable to type 'Easing | Easing[] | undefined'.
src/app/(dashboard)/dashboard/page.tsx(109,54): error TS2322: Type '{ hidden: { opacity: number; y: number; }; visible: (i: number) => { opacity: number; y: number; transition: { delay: number; duration: number; ease: string; }; }; }' is not assignable to type 'Variants'.
  Property 'visible' is incompatible with index signature.
    Type '(i: number) => { opacity: number; y: number; transition: { delay: number; duration: number; ease: string; }; }' is not assignable to type 'Variant'.
      Type '(i: number) => { opacity: number; y: number; transition: { delay: number; duration: number; ease: string; }; }' is not assignable to type 'TargetResolver'.
        Type '{ opacity: number; y: number; transition: { delay: number; duration: number; ease: string; }; }' is not assignable to type 'string | TargetAndTransition'.
          Type '{ opacity: number; y: number; transition: { delay: number; duration: number; ease: string; }; }' is not assignable to type 'TargetAndTransition'.
            Type '{ opacity: number; y: number; transition: { delay: number; duration: number; ease: string; }; }' is not assignable to type '{ transition?: Transition<any> | undefined; transitionEnd?: ResolvedValues$1 | undefined; }'.
              Types of property 'transition' are incompatible.
                Type '{ delay: number; duration: number; ease: string; }' is not assignable to type 'Transition<any> | undefined'.
                  Type '{ delay: number; duration: number; ease: string; }' is not assignable to type 'TransitionWithValueOverrides<any>'.
                    Type '{ delay: number; duration: number; ease: string; }' is not assignable to type 'ValueAnimationTransition<any>'.
                      Types of property 'ease' are incompatible.
                        Type 'string' is not assignable to type 'Easing | Easing[] | undefined'.
src/app/(marketing)/page.tsx(125,11): error TS2322: Type '{ hidden: { opacity: number; y: number; }; visible: (i: number) => { opacity: number; y: number; transition: { delay: number; duration: number; ease: string; }; }; }' is not assignable to type 'Variants'.
  Property 'visible' is incompatible with index signature.
    Type '(i: number) => { opacity: number; y: number; transition: { delay: number; duration: number; ease: string; }; }' is not assignable to type 'Variant'.
      Type '(i: number) => { opacity: number; y: number; transition: { delay: number; duration: number; ease: string; }; }' is not assignable to type 'TargetResolver'.
        Type '{ opacity: number; y: number; transition: { delay: number; duration: number; ease: string; }; }' is not assignable to type 'string | TargetAndTransition'.
          Type '{ opacity: number; y: number; transition: { delay: number; duration: number; ease: string; }; }' is not assignable to type 'TargetAndTransition'.
            Type '{ opacity: number; y: number; transition: { delay: number; duration: number; ease: string; }; }' is not assignable to type '{ transition?: Transition<any> | undefined; transitionEnd?: ResolvedValues$1 | undefined; }'.
              Types of property 'transition' are incompatible.
                Type '{ delay: number; duration: number; ease: string; }' is not assignable to type 'Transition<any> | undefined'.
                  Type '{ delay: number; duration: number; ease: string; }' is not assignable to type 'TransitionWithValueOverrides<any>'.
                    Type '{ delay: number; duration: number; ease: string; }' is not assignable to type 'ValueAnimationTransition<any>'.
                      Types of property 'ease' are incompatible.
                        Type 'string' is not assignable to type 'Easing | Easing[] | undefined'.
src/app/(marketing)/page.tsx(141,11): error TS2322: Type '{ hidden: { opacity: number; y: number; }; visible: (i: number) => { opacity: number; y: number; transition: { delay: number; duration: number; ease: string; }; }; }' is not assignable to type 'Variants'.
  Property 'visible' is incompatible with index signature.
    Type '(i: number) => { opacity: number; y: number; transition: { delay: number; duration: number; ease: string; }; }' is not assignable to type 'Variant'.
      Type '(i: number) => { opacity: number; y: number; transition: { delay: number; duration: number; ease: string; }; }' is not assignable to type 'TargetResolver'.
        Type '{ opacity: number; y: number; transition: { delay: number; duration: number; ease: string; }; }' is not assignable to type 'string | TargetAndTransition'.
          Type '{ opacity: number; y: number; transition: { delay: number; duration: number; ease: string; }; }' is not assignable to type 'TargetAndTransition'.
            Type '{ opacity: number; y: number; transition: { delay: number; duration: number; ease: string; }; }' is not assignable to type '{ transition?: Transition<any> | undefined; transitionEnd?: ResolvedValues$1 | undefined; }'.
              Types of property 'transition' are incompatible.
                Type '{ delay: number; duration: number; ease: string; }' is not assignable to type 'Transition<any> | undefined'.
                  Type '{ delay: number; duration: number; ease: string; }' is not assignable to type 'TransitionWithValueOverrides<any>'.
                    Type '{ delay: number; duration: number; ease: string; }' is not assignable to type 'ValueAnimationTransition<any>'.
                      Types of property 'ease' are incompatible.
                        Type 'string' is not assignable to type 'Easing | Easing[] | undefined'.
src/app/(marketing)/page.tsx(153,11): error TS2322: Type '{ hidden: { opacity: number; y: number; }; visible: (i: number) => { opacity: number; y: number; transition: { delay: number; duration: number; ease: string; }; }; }' is not assignable to type 'Variants'.
  Property 'visible' is incompatible with index signature.
    Type '(i: number) => { opacity: number; y: number; transition: { delay: number; duration: number; ease: string; }; }' is not assignable to type 'Variant'.
      Type '(i: number) => { opacity: number; y: number; transition: { delay: number; duration: number; ease: string; }; }' is not assignable to type 'TargetResolver'.
        Type '{ opacity: number; y: number; transition: { delay: number; duration: number; ease: string; }; }' is not assignable to type 'string | TargetAndTransition'.
          Type '{ opacity: number; y: number; transition: { delay: number; duration: number; ease: string; }; }' is not assignable to type 'TargetAndTransition'.
            Type '{ opacity: number; y: number; transition: { delay: number; duration: number; ease: string; }; }' is not assignable to type '{ transition?: Transition<any> | undefined; transitionEnd?: ResolvedValues$1 | undefined; }'.
              Types of property 'transition' are incompatible.
                Type '{ delay: number; duration: number; ease: string; }' is not assignable to type 'Transition<any> | undefined'.
                  Type '{ delay: number; duration: number; ease: string; }' is not assignable to type 'TransitionWithValueOverrides<any>'.
                    Type '{ delay: number; duration: number; ease: string; }' is not assignable to type 'ValueAnimationTransition<any>'.
                      Types of property 'ease' are incompatible.
                        Type 'string' is not assignable to type 'Easing | Easing[] | undefined'.
src/app/(marketing)/page.tsx(164,11): error TS2322: Type '{ hidden: { opacity: number; y: number; }; visible: (i: number) => { opacity: number; y: number; transition: { delay: number; duration: number; ease: string; }; }; }' is not assignable to type 'Variants'.
  Property 'visible' is incompatible with index signature.
    Type '(i: number) => { opacity: number; y: number; transition: { delay: number; duration: number; ease: string; }; }' is not assignable to type 'Variant'.
      Type '(i: number) => { opacity: number; y: number; transition: { delay: number; duration: number; ease: string; }; }' is not assignable to type 'TargetResolver'.
        Type '{ opacity: number; y: number; transition: { delay: number; duration: number; ease: string; }; }' is not assignable to type 'string | TargetAndTransition'.
          Type '{ opacity: number; y: number; transition: { delay: number; duration: number; ease: string; }; }' is not assignable to type 'TargetAndTransition'.
            Type '{ opacity: number; y: number; transition: { delay: number; duration: number; ease: string; }; }' is not assignable to type '{ transition?: Transition<any> | undefined; transitionEnd?: ResolvedValues$1 | undefined; }'.
              Types of property 'transition' are incompatible.
                Type '{ delay: number; duration: number; ease: string; }' is not assignable to type 'Transition<any> | undefined'.
                  Type '{ delay: number; duration: number; ease: string; }' is not assignable to type 'TransitionWithValueOverrides<any>'.
                    Type '{ delay: number; duration: number; ease: string; }' is not assignable to type 'ValueAnimationTransition<any>'.
                      Types of property 'ease' are incompatible.
                        Type 'string' is not assignable to type 'Easing | Easing[] | undefined'.
src/app/(marketing)/page.tsx(182,11): error TS2322: Type '{ hidden: { opacity: number; y: number; }; visible: (i: number) => { opacity: number; y: number; transition: { delay: number; duration: number; ease: string; }; }; }' is not assignable to type 'Variants'.
  Property 'visible' is incompatible with index signature.
    Type '(i: number) => { opacity: number; y: number; transition: { delay: number; duration: number; ease: string; }; }' is not assignable to type 'Variant'.
      Type '(i: number) => { opacity: number; y: number; transition: { delay: number; duration: number; ease: string; }; }' is not assignable to type 'TargetResolver'.
        Type '{ opacity: number; y: number; transition: { delay: number; duration: number; ease: string; }; }' is not assignable to type 'string | TargetAndTransition'.
          Type '{ opacity: number; y: number; transition: { delay: number; duration: number; ease: string; }; }' is not assignable to type 'TargetAndTransition'.
            Type '{ opacity: number; y: number; transition: { delay: number; duration: number; ease: string; }; }' is not assignable to type '{ transition?: Transition<any> | undefined; transitionEnd?: ResolvedValues$1 | undefined; }'.
              Types of property 'transition' are incompatible.
                Type '{ delay: number; duration: number; ease: string; }' is not assignable to type 'Transition<any> | undefined'.
                  Type '{ delay: number; duration: number; ease: string; }' is not assignable to type 'TransitionWithValueOverrides<any>'.
                    Type '{ delay: number; duration: number; ease: string; }' is not assignable to type 'ValueAnimationTransition<any>'.
                      Types of property 'ease' are incompatible.
                        Type 'string' is not assignable to type 'Easing | Easing[] | undefined'.
src/app/(marketing)/page.tsx(210,11): error TS2322: Type '{ hidden: { opacity: number; y: number; }; visible: (i: number) => { opacity: number; y: number; transition: { delay: number; duration: number; ease: string; }; }; }' is not assignable to type 'Variants'.
  Property 'visible' is incompatible with index signature.
    Type '(i: number) => { opacity: number; y: number; transition: { delay: number; duration: number; ease: string; }; }' is not assignable to type 'Variant'.
      Type '(i: number) => { opacity: number; y: number; transition: { delay: number; duration: number; ease: string; }; }' is not assignable to type 'TargetResolver'.
        Type '{ opacity: number; y: number; transition: { delay: number; duration: number; ease: string; }; }' is not assignable to type 'string | TargetAndTransition'.
          Type '{ opacity: number; y: number; transition: { delay: number; duration: number; ease: string; }; }' is not assignable to type 'TargetAndTransition'.
            Type '{ opacity: number; y: number; transition: { delay: number; duration: number; ease: string; }; }' is not assignable to type '{ transition?: Transition<any> | undefined; transitionEnd?: ResolvedValues$1 | undefined; }'.
              Types of property 'transition' are incompatible.
                Type '{ delay: number; duration: number; ease: string; }' is not assignable to type 'Transition<any> | undefined'.
                  Type '{ delay: number; duration: number; ease: string; }' is not assignable to type 'TransitionWithValueOverrides<any>'.
                    Type '{ delay: number; duration: number; ease: string; }' is not assignable to type 'ValueAnimationTransition<any>'.
                      Types of property 'ease' are incompatible.
                        Type 'string' is not assignable to type 'Easing | Easing[] | undefined'.
src/app/(marketing)/page.tsx(228,15): error TS2322: Type '{ hidden: { opacity: number; y: number; }; visible: (i: number) => { opacity: number; y: number; transition: { delay: number; duration: number; ease: string; }; }; }' is not assignable to type 'Variants'.
  Property 'visible' is incompatible with index signature.
    Type '(i: number) => { opacity: number; y: number; transition: { delay: number; duration: number; ease: string; }; }' is not assignable to type 'Variant'.
      Type '(i: number) => { opacity: number; y: number; transition: { delay: number; duration: number; ease: string; }; }' is not assignable to type 'TargetResolver'.
        Type '{ opacity: number; y: number; transition: { delay: number; duration: number; ease: string; }; }' is not assignable to type 'string | TargetAndTransition'.
          Type '{ opacity: number; y: number; transition: { delay: number; duration: number; ease: string; }; }' is not assignable to type 'TargetAndTransition'.
            Type '{ opacity: number; y: number; transition: { delay: number; duration: number; ease: string; }; }' is not assignable to type '{ transition?: Transition<any> | undefined; transitionEnd?: ResolvedValues$1 | undefined; }'.
              Types of property 'transition' are incompatible.
                Type '{ delay: number; duration: number; ease: string; }' is not assignable to type 'Transition<any> | undefined'.
                  Type '{ delay: number; duration: number; ease: string; }' is not assignable to type 'TransitionWithValueOverrides<any>'.
                    Type '{ delay: number; duration: number; ease: string; }' is not assignable to type 'ValueAnimationTransition<any>'.
                      Types of property 'ease' are incompatible.
                        Type 'string' is not assignable to type 'Easing | Easing[] | undefined'.
src/app/(marketing)/page.tsx(247,11): error TS2322: Type '{ hidden: { opacity: number; y: number; }; visible: (i: number) => { opacity: number; y: number; transition: { delay: number; duration: number; ease: string; }; }; }' is not assignable to type 'Variants'.
  Property 'visible' is incompatible with index signature.
    Type '(i: number) => { opacity: number; y: number; transition: { delay: number; duration: number; ease: string; }; }' is not assignable to type 'Variant'.
      Type '(i: number) => { opacity: number; y: number; transition: { delay: number; duration: number; ease: string; }; }' is not assignable to type 'TargetResolver'.
        Type '{ opacity: number; y: number; transition: { delay: number; duration: number; ease: string; }; }' is not assignable to type 'string | TargetAndTransition'.
          Type '{ opacity: number; y: number; transition: { delay: number; duration: number; ease: string; }; }' is not assignable to type 'TargetAndTransition'.
            Type '{ opacity: number; y: number; transition: { delay: number; duration: number; ease: string; }; }' is not assignable to type '{ transition?: Transition<any> | undefined; transitionEnd?: ResolvedValues$1 | undefined; }'.
              Types of property 'transition' are incompatible.
                Type '{ delay: number; duration: number; ease: string; }' is not assignable to type 'Transition<any> | undefined'.
                  Type '{ delay: number; duration: number; ease: string; }' is not assignable to type 'TransitionWithValueOverrides<any>'.
                    Type '{ delay: number; duration: number; ease: string; }' is not assignable to type 'ValueAnimationTransition<any>'.
                      Types of property 'ease' are incompatible.
                        Type 'string' is not assignable to type 'Easing | Easing[] | undefined'.
src/app/(marketing)/page.tsx(265,15): error TS2322: Type '{ hidden: { opacity: number; y: number; }; visible: (i: number) => { opacity: number; y: number; transition: { delay: number; duration: number; ease: string; }; }; }' is not assignable to type 'Variants'.
  Property 'visible' is incompatible with index signature.
    Type '(i: number) => { opacity: number; y: number; transition: { delay: number; duration: number; ease: string; }; }' is not assignable to type 'Variant'.
      Type '(i: number) => { opacity: number; y: number; transition: { delay: number; duration: number; ease: string; }; }' is not assignable to type 'TargetResolver'.
        Type '{ opacity: number; y: number; transition: { delay: number; duration: number; ease: string; }; }' is not assignable to type 'string | TargetAndTransition'.
          Type '{ opacity: number; y: number; transition: { delay: number; duration: number; ease: string; }; }' is not assignable to type 'TargetAndTransition'.
            Type '{ opacity: number; y: number; transition: { delay: number; duration: number; ease: string; }; }' is not assignable to type '{ transition?: Transition<any> | undefined; transitionEnd?: ResolvedValues$1 | undefined; }'.
              Types of property 'transition' are incompatible.
                Type '{ delay: number; duration: number; ease: string; }' is not assignable to type 'Transition<any> | undefined'.
                  Type '{ delay: number; duration: number; ease: string; }' is not assignable to type 'TransitionWithValueOverrides<any>'.
                    Type '{ delay: number; duration: number; ease: string; }' is not assignable to type 'ValueAnimationTransition<any>'.
                      Types of property 'ease' are incompatible.
                        Type 'string' is not assignable to type 'Easing | Easing[] | undefined'.
src/app/(marketing)/page.tsx(292,11): error TS2322: Type '{ hidden: { opacity: number; y: number; }; visible: (i: number) => { opacity: number; y: number; transition: { delay: number; duration: number; ease: string; }; }; }' is not assignable to type 'Variants'.
  Property 'visible' is incompatible with index signature.
    Type '(i: number) => { opacity: number; y: number; transition: { delay: number; duration: number; ease: string; }; }' is not assignable to type 'Variant'.
      Type '(i: number) => { opacity: number; y: number; transition: { delay: number; duration: number; ease: string; }; }' is not assignable to type 'TargetResolver'.
        Type '{ opacity: number; y: number; transition: { delay: number; duration: number; ease: string; }; }' is not assignable to type 'string | TargetAndTransition'.
          Type '{ opacity: number; y: number; transition: { delay: number; duration: number; ease: string; }; }' is not assignable to type 'TargetAndTransition'.
            Type '{ opacity: number; y: number; transition: { delay: number; duration: number; ease: string; }; }' is not assignable to type '{ transition?: Transition<any> | undefined; transitionEnd?: ResolvedValues$1 | undefined; }'.
              Types of property 'transition' are incompatible.
                Type '{ delay: number; duration: number; ease: string; }' is not assignable to type 'Transition<any> | undefined'.
                  Type '{ delay: number; duration: number; ease: string; }' is not assignable to type 'TransitionWithValueOverrides<any>'.
                    Type '{ delay: number; duration: number; ease: string; }' is not assignable to type 'ValueAnimationTransition<any>'.
                      Types of property 'ease' are incompatible.
                        Type 'string' is not assignable to type 'Easing | Easing[] | undefined'.
src/app/(marketing)/page.tsx(307,11): error TS2322: Type '{ hidden: { opacity: number; y: number; }; visible: (i: number) => { opacity: number; y: number; transition: { delay: number; duration: number; ease: string; }; }; }' is not assignable to type 'Variants'.
  Property 'visible' is incompatible with index signature.
    Type '(i: number) => { opacity: number; y: number; transition: { delay: number; duration: number; ease: string; }; }' is not assignable to type 'Variant'.
      Type '(i: number) => { opacity: number; y: number; transition: { delay: number; duration: number; ease: string; }; }' is not assignable to type 'TargetResolver'.
        Type '{ opacity: number; y: number; transition: { delay: number; duration: number; ease: string; }; }' is not assignable to type 'string | TargetAndTransition'.
          Type '{ opacity: number; y: number; transition: { delay: number; duration: number; ease: string; }; }' is not assignable to type 'TargetAndTransition'.
            Type '{ opacity: number; y: number; transition: { delay: number; duration: number; ease: string; }; }' is not assignable to type '{ transition?: Transition<any> | undefined; transitionEnd?: ResolvedValues$1 | undefined; }'.
              Types of property 'transition' are incompatible.
                Type '{ delay: number; duration: number; ease: string; }' is not assignable to type 'Transition<any> | undefined'.
                  Type '{ delay: number; duration: number; ease: string; }' is not assignable to type 'TransitionWithValueOverrides<any>'.
                    Type '{ delay: number; duration: number; ease: string; }' is not assignable to type 'ValueAnimationTransition<any>'.
                      Types of property 'ease' are incompatible.
                        Type 'string' is not assignable to type 'Easing | Easing[] | undefined'.
src/app/(marketing)/page.tsx(321,11): error TS2322: Type '{ hidden: { opacity: number; y: number; }; visible: (i: number) => { opacity: number; y: number; transition: { delay: number; duration: number; ease: string; }; }; }' is not assignable to type 'Variants'.
  Property 'visible' is incompatible with index signature.
    Type '(i: number) => { opacity: number; y: number; transition: { delay: number; duration: number; ease: string; }; }' is not assignable to type 'Variant'.
      Type '(i: number) => { opacity: number; y: number; transition: { delay: number; duration: number; ease: string; }; }' is not assignable to type 'TargetResolver'.
        Type '{ opacity: number; y: number; transition: { delay: number; duration: number; ease: string; }; }' is not assignable to type 'string | TargetAndTransition'.
          Type '{ opacity: number; y: number; transition: { delay: number; duration: number; ease: string; }; }' is not assignable to type 'TargetAndTransition'.
            Type '{ opacity: number; y: number; transition: { delay: number; duration: number; ease: string; }; }' is not assignable to type '{ transition?: Transition<any> | undefined; transitionEnd?: ResolvedValues$1 | undefined; }'.
              Types of property 'transition' are incompatible.
                Type '{ delay: number; duration: number; ease: string; }' is not assignable to type 'Transition<any> | undefined'.
                  Type '{ delay: number; duration: number; ease: string; }' is not assignable to type 'TransitionWithValueOverrides<any>'.
                    Type '{ delay: number; duration: number; ease: string; }' is not assignable to type 'ValueAnimationTransition<any>'.
                      Types of property 'ease' are incompatible.
                        Type 'string' is not assignable to type 'Easing | Easing[] | undefined'.
src/app/(marketing)/page.tsx(336,15): error TS2322: Type '{ hidden: { opacity: number; y: number; }; visible: (i: number) => { opacity: number; y: number; transition: { delay: number; duration: number; ease: string; }; }; }' is not assignable to type 'Variants'.
  Property 'visible' is incompatible with index signature.
    Type '(i: number) => { opacity: number; y: number; transition: { delay: number; duration: number; ease: string; }; }' is not assignable to type 'Variant'.
      Type '(i: number) => { opacity: number; y: number; transition: { delay: number; duration: number; ease: string; }; }' is not assignable to type 'TargetResolver'.
        Type '{ opacity: number; y: number; transition: { delay: number; duration: number; ease: string; }; }' is not assignable to type 'string | TargetAndTransition'.
          Type '{ opacity: number; y: number; transition: { delay: number; duration: number; ease: string; }; }' is not assignable to type 'TargetAndTransition'.
            Type '{ opacity: number; y: number; transition: { delay: number; duration: number; ease: string; }; }' is not assignable to type '{ transition?: Transition<any> | undefined; transitionEnd?: ResolvedValues$1 | undefined; }'.
              Types of property 'transition' are incompatible.
                Type '{ delay: number; duration: number; ease: string; }' is not assignable to type 'Transition<any> | undefined'.
                  Type '{ delay: number; duration: number; ease: string; }' is not assignable to type 'TransitionWithValueOverrides<any>'.
                    Type '{ delay: number; duration: number; ease: string; }' is not assignable to type 'ValueAnimationTransition<any>'.
                      Types of property 'ease' are incompatible.
                        Type 'string' is not assignable to type 'Easing | Easing[] | undefined'.
src/app/(marketing)/page.tsx(352,11): error TS2322: Type '{ hidden: { opacity: number; y: number; }; visible: (i: number) => { opacity: number; y: number; transition: { delay: number; duration: number; ease: string; }; }; }' is not assignable to type 'Variants'.
  Property 'visible' is incompatible with index signature.
    Type '(i: number) => { opacity: number; y: number; transition: { delay: number; duration: number; ease: string; }; }' is not assignable to type 'Variant'.
      Type '(i: number) => { opacity: number; y: number; transition: { delay: number; duration: number; ease: string; }; }' is not assignable to type 'TargetResolver'.
        Type '{ opacity: number; y: number; transition: { delay: number; duration: number; ease: string; }; }' is not assignable to type 'string | TargetAndTransition'.
          Type '{ opacity: number; y: number; transition: { delay: number; duration: number; ease: string; }; }' is not assignable to type 'TargetAndTransition'.
            Type '{ opacity: number; y: number; transition: { delay: number; duration: number; ease: string; }; }' is not assignable to type '{ transition?: Transition<any> | undefined; transitionEnd?: ResolvedValues$1 | undefined; }'.
              Types of property 'transition' are incompatible.
                Type '{ delay: number; duration: number; ease: string; }' is not assignable to type 'Transition<any> | undefined'.
                  Type '{ delay: number; duration: number; ease: string; }' is not assignable to type 'TransitionWithValueOverrides<any>'.
                    Type '{ delay: number; duration: number; ease: string; }' is not assignable to type 'ValueAnimationTransition<any>'.
                      Types of property 'ease' are incompatible.
                        Type 'string' is not assignable to type 'Easing | Easing[] | undefined'.
src/components/layout/Navbar.tsx(41,25): error TS2322: Type '{ children: Element; asChild: true; }' is not assignable to type 'IntrinsicAttributes & Props<unknown>'.
  Property 'asChild' does not exist on type 'IntrinsicAttributes & Props<unknown>'.
src/components/layout/Navbar.tsx(72,16): error TS2552: Cannot find name 'Sparkles'. Did you mean 'Sparkles2'?
src/components/layout/Navbar.tsx(80,32): error TS2322: Type '{ children: Element; asChild: true; }' is not assignable to type 'IntrinsicAttributes & Props<unknown>'.
  Property 'asChild' does not exist on type 'IntrinsicAttributes & Props<unknown>'.
src/components/layout/Navbar.tsx(100,31): error TS2322: Type '{ children: Element; asChild: true; }' is not assignable to type 'IntrinsicAttributes & MenuItemProps & { inset?: boolean | undefined; variant?: "default" | "destructive" | undefined; }'.
  Property 'asChild' does not exist on type 'IntrinsicAttributes & MenuItemProps & { inset?: boolean | undefined; variant?: "default" | "destructive" | undefined; }'.
src/components/layout/Navbar.tsx(103,31): error TS2322: Type '{ children: Element; asChild: true; }' is not assignable to type 'IntrinsicAttributes & MenuItemProps & { inset?: boolean | undefined; variant?: "default" | "destructive" | undefined; }'.
  Property 'asChild' does not exist on type 'IntrinsicAttributes & MenuItemProps & { inset?: boolean | undefined; variant?: "default" | "destructive" | undefined; }'.
